t=0.000  pos=(0.003, 0.001)  vel=(0.500, 0.250)  error=11.178
t=0.200  pos=(1.017, 0.508)  vel=(9.189, 4.595)  error=10.043
t=0.400  pos=(3.463, 1.732)  vel=(14.683, 7.342)  error=7.308
t=0.600  pos=(6.647, 3.324)  vel=(16.564, 8.282)  error=3.748
t=0.800  pos=(9.867, 4.933)  vel=(15.137, 7.568)  error=0.149
t=1.000  pos=(12.537, 6.269)  vel=(11.247, 5.623)  error=2.837
t=1.200  pos=(14.277, 7.138)  vel=(6.030, 3.015)  error=4.782
t=1.400  pos=(14.939, 7.470)  vel=(0.660, 0.330)  error=5.522
t=1.600  pos=(14.597, 7.299)  vel=(-3.873, -1.937)  error=5.140
t=1.800  pos=(13.491, 6.746)  vel=(-6.905, -3.452)  error=3.903
t=2.000  pos=(11.955, 5.978)  vel=(-8.157, -4.079)  error=2.186
t=2.200  pos=(10.342, 5.171)  vel=(-7.723, -3.861)  error=0.382
t=2.400  pos=(8.954, 4.477)  vel=(-5.980, -2.990)  error=1.170
t=2.600  pos=(8.001, 4.000)  vel=(-3.473, -1.737)  error=2.235
t=2.800  pos=(7.576, 3.788)  vel=(-0.790, -0.395)  error=2.710
t=3.000  pos=(7.662, 3.831)  vel=(1.558, 0.779)  error=2.614
t=3.200  pos=(8.152, 4.076)  vel=(3.209, 1.604)  error=2.066
t=3.400  pos=(8.887, 4.444)  vel=(3.989, 1.995)  error=1.244
t=3.600  pos=(9.691, 4.845)  vel=(3.915, 1.958)  error=0.346
t=3.800  pos=(10.407, 5.204)  vel=(3.151, 1.576)  error=0.455
t=4.000  pos=(10.923, 5.461)  vel=(1.958, 0.979)  error=1.032
t=4.200  pos=(11.181, 5.590)  vel=(0.625, 0.313)  error=1.320
t=4.400  pos=(11.181, 5.591)  vel=(-0.582, -0.291)  error=1.321
t=4.600  pos=(10.970, 5.485)  vel=(-1.471, -0.735)  error=1.084
t=4.800  pos=(10.621, 5.311)  vel=(-1.937, -0.968)  error=0.695
t=5.000  pos=(10.224, 5.112)  vel=(-1.972, -0.986)  error=0.250
t=5.200  pos=(9.857, 4.928)  vel=(-1.648, -0.824)  error=0.160
t=5.400  pos=(9.581, 4.790)  vel=(-1.085, -0.543)  error=0.469
t=5.600  pos=(9.429, 4.714)  vel=(-0.428, -0.214)  error=0.638
t=5.800  pos=(9.407, 4.703)  vel=(0.189, 0.095)  error=0.663
t=6.000  pos=(9.495, 4.748)  vel=(0.663, 0.331)  error=0.565
t=6.200  pos=(9.658, 4.829)  vel=(0.933, 0.466)  error=0.382
t=6.400  pos=(9.854, 4.927)  vel=(0.987, 0.494)  error=0.164
t=6.600  pos=(10.041, 5.020)  vel=(0.855, 0.428)  error=0.045
t=6.800  pos=(10.187, 5.094)  vel=(0.593, 0.296)  error=0.209
t=7.000  pos=(10.274, 5.137)  vel=(0.271, 0.135)  error=0.306
t=7.200  pos=(10.296, 5.148)  vel=(-0.042, -0.021)  error=0.331
t=7.400  pos=(10.261, 5.131)  vel=(-0.292, -0.146)  error=0.292
t=7.600  pos=(10.186, 5.093)  vel=(-0.445, -0.223)  error=0.207
t=7.800  pos=(10.090, 5.045)  vel=(-0.491, -0.246)  error=0.101
t=8.000  pos=(9.996, 4.998)  vel=(-0.441, -0.220)  error=0.005
t=8.200  pos=(9.919, 4.959)  vel=(-0.320, -0.160)  error=0.091
t=8.400  pos=(9.870, 4.935)  vel=(-0.163, -0.082)  error=0.145
t=8.600  pos=(9.853, 4.927)  vel=(-0.005, -0.003)  error=0.164
t=8.800  pos=(9.866, 4.933)  vel=(0.126, 0.063)  error=0.150
t=9.000  pos=(9.900, 4.950)  vel=(0.211, 0.105)  error=0.111
t=9.200  pos=(9.947, 4.973)  vel=(0.243, 0.121)  error=0.060
t=9.400  pos=(9.994, 4.997)  vel=(0.226, 0.113)  error=0.007
t=9.600  pos=(10.034, 5.017)  vel=(0.171, 0.086)  error=0.038
t=9.800  pos=(10.061, 5.031)  vel=(0.095, 0.048)  error=0.068
t=10.000  pos=(10.072, 5.036)  vel=(0.016, 0.008)  error=0.081
t=10.200  pos=(10.068, 5.034)  vel=(-0.052, -0.026)  error=0.076
t=10.400  pos=(10.053, 5.026)  vel=(-0.098, -0.049)  error=0.059
t=10.600  pos=(10.031, 5.015)  vel=(-0.119, -0.060)  error=0.034
t=10.800  pos=(10.007, 5.003)  vel=(-0.115, -0.057)  error=0.008
t=11.000  pos=(9.986, 4.993)  vel=(-0.091, -0.045)  error=0.015
t=11.200  pos=(9.972, 4.986)  vel=(-0.054, -0.027)  error=0.032

Reached target at t=11.250s (step 1125)

Final position: (9.969, 4.985)
Final velocity: (-0.044, -0.022)
